Removed Pin From Net: NetName=PHASE_CONNECTOR_1 Pin=U2A-1
Removed Pin From Net: NetName=GND Pin=U2A-2
Removed Pin From Net: NetName=2V5_REF Pin=U2A-3
Removed Pin From Net: NetName=GND Pin=U2A-4
Removed Pin From Net: NetName=I_OUTA Pin=U2A-5
Removed Pin From Net: NetName=5V_U2A Pin=U2A-6
Removed Pin From Net: NetName=2V5_REF Pin=U2A-7
Removed Pin From Net: NetName=GND_TOPA Pin=U2A-8
Removed Pin From Net: NetName=PHASE_CONNECTOR_2 Pin=U2B-1
Removed Pin From Net: NetName=GND Pin=U2B-2
Removed Pin From Net: NetName=2V5_REF Pin=U2B-3
Removed Pin From Net: NetName=GND Pin=U2B-4
Removed Pin From Net: NetName=I_OUTB Pin=U2B-5
Removed Pin From Net: NetName=5V_U2B Pin=U2B-6
Removed Pin From Net: NetName=2V5_REF Pin=U2B-7
Removed Pin From Net: NetName=GND_TOPB Pin=U2B-8
Removed Pin From Net: NetName=PHASE_CONNECTOR_3 Pin=U2C-1
Removed Pin From Net: NetName=GND Pin=U2C-2
Removed Pin From Net: NetName=2V5_REF Pin=U2C-3
Removed Pin From Net: NetName=GND Pin=U2C-4
Removed Pin From Net: NetName=I_OUTC Pin=U2C-5
Removed Pin From Net: NetName=5V_U2C Pin=U2C-6
Removed Pin From Net: NetName=2V5_REF Pin=U2C-7
Removed Pin From Net: NetName=GND_TOPC Pin=U2C-8
Removed Member From Class: ClassName=PhaseMeasurements1 Member=U2A
Removed Member From Class: ClassName=PhaseMeasurements2 Member=U2B
Removed Member From Class: ClassName=PhaseMeasurements3 Member=U2C
Change Component Comment : Designator=Revision Old Comment=Rev05 New Comment=Rev04
Change component parameters: Designator = "Revision" ("Revision"); Footprint = "Designator:comment"; UniqueID = "\AMKHLNHN" ("\AMKHLNHN")
Change component parameters (AddParameter): Name = "Created"; Value = "2020-01-08_Thilo_Wendt"; VariantName = "[No Variations]"
Change component parameters (AddParameter): Name = "Value"; Value = "Rev04"; VariantName = "[No Variations]"
Added Member To Class: ClassName=PhaseMeasurements1 Member=Component C24A (C24) 100 nF
