Change Component Comment : Designator=DOFF_1A Old Comment=BAT165E6327HTSA1 New Comment=BAT165E6327
Change Component Comment : Designator=DOFF_1B Old Comment=BAT165E6327HTSA1 New Comment=BAT165E6327
Change Component Comment : Designator=DOFF_1C Old Comment=BAT165E6327HTSA1 New Comment=BAT165E6327
Change Component Comment : Designator=DOFF_2A Old Comment=BAT165E6327HTSA1 New Comment=BAT165E6327
Change Component Comment : Designator=DOFF_2B Old Comment=BAT165E6327HTSA1 New Comment=BAT165E6327
Change Component Comment : Designator=DOFF_2C Old Comment=BAT165E6327HTSA1 New Comment=BAT165E6327
Change component parameters: Designator = "DOFF_1A" ("DOFF_1"); Footprint = "SOD2513X110N"; UniqueID = "\1UVWUVFXH\VWRETGAE" ("\1UVWUVFXH\VWRETGAE")
Change component parameters (AddParameter): Name = "Component Type"; Value = "Schottky Diode"; VariantName = "[No Variations]"
Change component parameters (AddParameter): Name = "ComponentLink1Description"; Value = "Datasheet"; VariantName = "[No Variations]"
Change component parameters (AddParameter): Name = "ComponentLink1URL"; Value = "https://www.mouser.de/datasheet/2/196/bat165series-12207.pdf"; VariantName = "[No Variations]"
Change component parameters (AddParameter): Name = "Created from"; Value = "Kpatel"; VariantName = "[No Variations]"
Change component parameters (AddParameter): Name = "Created On"; Value = "6/11/2024 12:14:10 PM"; VariantName = "[No Variations]"
Change component parameters (AddParameter): Name = "Device Package"; Value = "SOD-323-2"; VariantName = "[No Variations]"
Change component parameters (AddParameter): Name = "Forward Current"; Value = "0.75 A"; VariantName = "[No Variations]"
Change component parameters (AddParameter): Name = "Forward Voltage"; Value = "40V"; VariantName = "[No Variations]"
Change component parameters (AddParameter): Name = "Last Updated"; Value = "7/30/2024 11:32:39 AM"; VariantName = "[No Variations]"
Change component parameters (AddParameter): Name = "Live Cycle Status"; Value = "1"; VariantName = "[No Variations]"
Change component parameters (AddParameter): Name = "Manufacturer"; Value = "Infineon Technologies"; VariantName = "[No Variations]"
Change component parameters (AddParameter): Name = "Manufacturer Part Number"; Value = "BAT165E6327"; VariantName = "[No Variations]"
Change component parameters (AddParameter): Name = "Mounting Type"; Value = "SMD"; VariantName = "[No Variations]"
Change component parameters (AddParameter): Name = "Operating Temperature"; Value = "-65 - 150 °C"; VariantName = "[No Variations]"
Change component parameters (AddParameter): Name = "PartID"; Value = "19"; VariantName = "[No Variations]"
Change component parameters (AddParameter): Name = "Reverse Current"; Value = "50uA"; VariantName = "[No Variations]"
Change component parameters (AddParameter): Name = "Series"; Value = "BAT165"; VariantName = "[No Variations]"
Change component parameters (AddParameter): Name = "Stock number"; Value = "not stored"; VariantName = "[No Variations]"
Change component parameters (AddParameter): Name = "Supplier 1"; Value = "Mouser"; VariantName = "[No Variations]"
Change component parameters (AddParameter): Name = "Supplier 2"; Value = "JLC"; VariantName = "[No Variations]"
Change component parameters (AddParameter): Name = "Supplier Part Number 1"; Value = "726-BAT165E6327"; VariantName = "[No Variations]"
Change component parameters (AddParameter): Name = "Supplier Part Number 2"; Value = "C533629"; VariantName = "[No Variations]"
Change component parameters (AddParameter): Name = "Type"; Value = "Schottky Diode"; VariantName = "[No Variations]"
Change component parameters (AddParameter): Name = "Value"; Value = "40V"; VariantName = "[No Variations]"
Change component parameters: Designator = "DOFF_1B" ("DOFF_1"); Footprint = "SOD2513X110N"; UniqueID = "\2UVWUVFXH\VWRETGAE" ("\2UVWUVFXH\VWRETGAE")
Change component parameters (AddParameter): Name = "Component Type"; Value = "Schottky Diode"; VariantName = "[No Variations]"
Change component parameters (AddParameter): Name = "ComponentLink1Description"; Value = "Datasheet"; VariantName = "[No Variations]"
Change component parameters (AddParameter): Name = "ComponentLink1URL"; Value = "https://www.mouser.de/datasheet/2/196/bat165series-12207.pdf"; VariantName = "[No Variations]"
Change component parameters (AddParameter): Name = "Created from"; Value = "Kpatel"; VariantName = "[No Variations]"
Change component parameters (AddParameter): Name = "Created On"; Value = "6/11/2024 12:14:10 PM"; VariantName = "[No Variations]"
Change component parameters (AddParameter): Name = "Device Package"; Value = "SOD-323-2"; VariantName = "[No Variations]"
Change component parameters (AddParameter): Name = "Forward Current"; Value = "0.75 A"; VariantName = "[No Variations]"
Change component parameters (AddParameter): Name = "Forward Voltage"; Value = "40V"; VariantName = "[No Variations]"
Change component parameters (AddParameter): Name = "Last Updated"; Value = "7/30/2024 11:32:39 AM"; VariantName = "[No Variations]"
Change component parameters (AddParameter): Name = "Live Cycle Status"; Value = "1"; VariantName = "[No Variations]"
Change component parameters (AddParameter): Name = "Manufacturer"; Value = "Infineon Technologies"; VariantName = "[No Variations]"
Change component parameters (AddParameter): Name = "Manufacturer Part Number"; Value = "BAT165E6327"; VariantName = "[No Variations]"
Change component parameters (AddParameter): Name = "Mounting Type"; Value = "SMD"; VariantName = "[No Variations]"
Change component parameters (AddParameter): Name = "Operating Temperature"; Value = "-65 - 150 °C"; VariantName = "[No Variations]"
Change component parameters (AddParameter): Name = "PartID"; Value = "19"; VariantName = "[No Variations]"
Change component parameters (AddParameter): Name = "Reverse Current"; Value = "50uA"; VariantName = "[No Variations]"
Change component parameters (AddParameter): Name = "Series"; Value = "BAT165"; VariantName = "[No Variations]"
Change component parameters (AddParameter): Name = "Stock number"; Value = "not stored"; VariantName = "[No Variations]"
Change component parameters (AddParameter): Name = "Supplier 1"; Value = "Mouser"; VariantName = "[No Variations]"
Change component parameters (AddParameter): Name = "Supplier 2"; Value = "JLC"; VariantName = "[No Variations]"
Change component parameters (AddParameter): Name = "Supplier Part Number 1"; Value = "726-BAT165E6327"; VariantName = "[No Variations]"
Change component parameters (AddParameter): Name = "Supplier Part Number 2"; Value = "C533629"; VariantName = "[No Variations]"
Change component parameters (AddParameter): Name = "Type"; Value = "Schottky Diode"; VariantName = "[No Variations]"
Change component parameters (AddParameter): Name = "Value"; Value = "40V"; VariantName = "[No Variations]"
Change component parameters: Designator = "DOFF_1C" ("DOFF_1"); Footprint = "SOD2513X110N"; UniqueID = "\3UVWUVFXH\VWRETGAE" ("\3UVWUVFXH\VWRETGAE")
Change component parameters (AddParameter): Name = "Component Type"; Value = "Schottky Diode"; VariantName = "[No Variations]"
Change component parameters (AddParameter): Name = "ComponentLink1Description"; Value = "Datasheet"; VariantName = "[No Variations]"
Change component parameters (AddParameter): Name = "ComponentLink1URL"; Value = "https://www.mouser.de/datasheet/2/196/bat165series-12207.pdf"; VariantName = "[No Variations]"
Change component parameters (AddParameter): Name = "Created from"; Value = "Kpatel"; VariantName = "[No Variations]"
Change component parameters (AddParameter): Name = "Created On"; Value = "6/11/2024 12:14:10 PM"; VariantName = "[No Variations]"
Change component parameters (AddParameter): Name = "Device Package"; Value = "SOD-323-2"; VariantName = "[No Variations]"
Change component parameters (AddParameter): Name = "Forward Current"; Value = "0.75 A"; VariantName = "[No Variations]"
Change component parameters (AddParameter): Name = "Forward Voltage"; Value = "40V"; VariantName = "[No Variations]"
Change component parameters (AddParameter): Name = "Last Updated"; Value = "7/30/2024 11:32:39 AM"; VariantName = "[No Variations]"
Change component parameters (AddParameter): Name = "Live Cycle Status"; Value = "1"; VariantName = "[No Variations]"
Change component parameters (AddParameter): Name = "Manufacturer"; Value = "Infineon Technologies"; VariantName = "[No Variations]"
Change component parameters (AddParameter): Name = "Manufacturer Part Number"; Value = "BAT165E6327"; VariantName = "[No Variations]"
Change component parameters (AddParameter): Name = "Mounting Type"; Value = "SMD"; VariantName = "[No Variations]"
Change component parameters (AddParameter): Name = "Operating Temperature"; Value = "-65 - 150 °C"; VariantName = "[No Variations]"
Change component parameters (AddParameter): Name = "PartID"; Value = "19"; VariantName = "[No Variations]"
Change component parameters (AddParameter): Name = "Reverse Current"; Value = "50uA"; VariantName = "[No Variations]"
Change component parameters (AddParameter): Name = "Series"; Value = "BAT165"; VariantName = "[No Variations]"
Change component parameters (AddParameter): Name = "Stock number"; Value = "not stored"; VariantName = "[No Variations]"
Change component parameters (AddParameter): Name = "Supplier 1"; Value = "Mouser"; VariantName = "[No Variations]"
Change component parameters (AddParameter): Name = "Supplier 2"; Value = "JLC"; VariantName = "[No Variations]"
Change component parameters (AddParameter): Name = "Supplier Part Number 1"; Value = "726-BAT165E6327"; VariantName = "[No Variations]"
Change component parameters (AddParameter): Name = "Supplier Part Number 2"; Value = "C533629"; VariantName = "[No Variations]"
Change component parameters (AddParameter): Name = "Type"; Value = "Schottky Diode"; VariantName = "[No Variations]"
Change component parameters (AddParameter): Name = "Value"; Value = "40V"; VariantName = "[No Variations]"
Change component parameters: Designator = "DOFF_2A" ("DOFF_2"); Footprint = "SOD2513X110N"; UniqueID = "\1UVWUVFXH\KZHXOECS" ("\1UVWUVFXH\KZHXOECS")
Change component parameters (AddParameter): Name = "Component Type"; Value = "Schottky Diode"; VariantName = "[No Variations]"
Change component parameters (AddParameter): Name = "ComponentLink1Description"; Value = "Datasheet"; VariantName = "[No Variations]"
Change component parameters (AddParameter): Name = "ComponentLink1URL"; Value = "https://www.mouser.de/datasheet/2/196/bat165series-12207.pdf"; VariantName = "[No Variations]"
Change component parameters (AddParameter): Name = "Created from"; Value = "Kpatel"; VariantName = "[No Variations]"
Change component parameters (AddParameter): Name = "Created On"; Value = "6/11/2024 12:14:10 PM"; VariantName = "[No Variations]"
Change component parameters (AddParameter): Name = "Device Package"; Value = "SOD-323-2"; VariantName = "[No Variations]"
Change component parameters (AddParameter): Name = "Forward Current"; Value = "0.75 A"; VariantName = "[No Variations]"
Change component parameters (AddParameter): Name = "Forward Voltage"; Value = "40V"; VariantName = "[No Variations]"
Change component parameters (AddParameter): Name = "Last Updated"; Value = "7/30/2024 11:32:39 AM"; VariantName = "[No Variations]"
Change component parameters (AddParameter): Name = "Live Cycle Status"; Value = "1"; VariantName = "[No Variations]"
Change component parameters (AddParameter): Name = "Manufacturer"; Value = "Infineon Technologies"; VariantName = "[No Variations]"
Change component parameters (AddParameter): Name = "Manufacturer Part Number"; Value = "BAT165E6327"; VariantName = "[No Variations]"
Change component parameters (AddParameter): Name = "Mounting Type"; Value = "SMD"; VariantName = "[No Variations]"
Change component parameters (AddParameter): Name = "Operating Temperature"; Value = "-65 - 150 °C"; VariantName = "[No Variations]"
Change component parameters (AddParameter): Name = "PartID"; Value = "19"; VariantName = "[No Variations]"
Change component parameters (AddParameter): Name = "Reverse Current"; Value = "50uA"; VariantName = "[No Variations]"
Change component parameters (AddParameter): Name = "Series"; Value = "BAT165"; VariantName = "[No Variations]"
Change component parameters (AddParameter): Name = "Stock number"; Value = "not stored"; VariantName = "[No Variations]"
Change component parameters (AddParameter): Name = "Supplier 1"; Value = "Mouser"; VariantName = "[No Variations]"
Change component parameters (AddParameter): Name = "Supplier 2"; Value = "JLC"; VariantName = "[No Variations]"
Change component parameters (AddParameter): Name = "Supplier Part Number 1"; Value = "726-BAT165E6327"; VariantName = "[No Variations]"
Change component parameters (AddParameter): Name = "Supplier Part Number 2"; Value = "C533629"; VariantName = "[No Variations]"
Change component parameters (AddParameter): Name = "Type"; Value = "Schottky Diode"; VariantName = "[No Variations]"
Change component parameters (AddParameter): Name = "Value"; Value = "40V"; VariantName = "[No Variations]"
Change component parameters: Designator = "DOFF_2B" ("DOFF_2"); Footprint = "SOD2513X110N"; UniqueID = "\2UVWUVFXH\KZHXOECS" ("\2UVWUVFXH\KZHXOECS")
Change component parameters (AddParameter): Name = "Component Type"; Value = "Schottky Diode"; VariantName = "[No Variations]"
Change component parameters (AddParameter): Name = "ComponentLink1Description"; Value = "Datasheet"; VariantName = "[No Variations]"
Change component parameters (AddParameter): Name = "ComponentLink1URL"; Value = "https://www.mouser.de/datasheet/2/196/bat165series-12207.pdf"; VariantName = "[No Variations]"
Change component parameters (AddParameter): Name = "Created from"; Value = "Kpatel"; VariantName = "[No Variations]"
Change component parameters (AddParameter): Name = "Created On"; Value = "6/11/2024 12:14:10 PM"; VariantName = "[No Variations]"
Change component parameters (AddParameter): Name = "Device Package"; Value = "SOD-323-2"; VariantName = "[No Variations]"
Change component parameters (AddParameter): Name = "Forward Current"; Value = "0.75 A"; VariantName = "[No Variations]"
Change component parameters (AddParameter): Name = "Forward Voltage"; Value = "40V"; VariantName = "[No Variations]"
Change component parameters (AddParameter): Name = "Last Updated"; Value = "7/30/2024 11:32:39 AM"; VariantName = "[No Variations]"
Change component parameters (AddParameter): Name = "Live Cycle Status"; Value = "1"; VariantName = "[No Variations]"
Change component parameters (AddParameter): Name = "Manufacturer"; Value = "Infineon Technologies"; VariantName = "[No Variations]"
Change component parameters (AddParameter): Name = "Manufacturer Part Number"; Value = "BAT165E6327"; VariantName = "[No Variations]"
Change component parameters (AddParameter): Name = "Mounting Type"; Value = "SMD"; VariantName = "[No Variations]"
Change component parameters (AddParameter): Name = "Operating Temperature"; Value = "-65 - 150 °C"; VariantName = "[No Variations]"
Change component parameters (AddParameter): Name = "PartID"; Value = "19"; VariantName = "[No Variations]"
Change component parameters (AddParameter): Name = "Reverse Current"; Value = "50uA"; VariantName = "[No Variations]"
Change component parameters (AddParameter): Name = "Series"; Value = "BAT165"; VariantName = "[No Variations]"
Change component parameters (AddParameter): Name = "Stock number"; Value = "not stored"; VariantName = "[No Variations]"
Change component parameters (AddParameter): Name = "Supplier 1"; Value = "Mouser"; VariantName = "[No Variations]"
Change component parameters (AddParameter): Name = "Supplier 2"; Value = "JLC"; VariantName = "[No Variations]"
Change component parameters (AddParameter): Name = "Supplier Part Number 1"; Value = "726-BAT165E6327"; VariantName = "[No Variations]"
Change component parameters (AddParameter): Name = "Supplier Part Number 2"; Value = "C533629"; VariantName = "[No Variations]"
Change component parameters (AddParameter): Name = "Type"; Value = "Schottky Diode"; VariantName = "[No Variations]"
Change component parameters (AddParameter): Name = "Value"; Value = "40V"; VariantName = "[No Variations]"
Change component parameters: Designator = "DOFF_2C" ("DOFF_2"); Footprint = "SOD2513X110N"; UniqueID = "\3UVWUVFXH\KZHXOECS" ("\3UVWUVFXH\KZHXOECS")
Change component parameters (AddParameter): Name = "Component Type"; Value = "Schottky Diode"; VariantName = "[No Variations]"
Change component parameters (AddParameter): Name = "ComponentLink1Description"; Value = "Datasheet"; VariantName = "[No Variations]"
Change component parameters (AddParameter): Name = "ComponentLink1URL"; Value = "https://www.mouser.de/datasheet/2/196/bat165series-12207.pdf"; VariantName = "[No Variations]"
Change component parameters (AddParameter): Name = "Created from"; Value = "Kpatel"; VariantName = "[No Variations]"
Change component parameters (AddParameter): Name = "Created On"; Value = "6/11/2024 12:14:10 PM"; VariantName = "[No Variations]"
Change component parameters (AddParameter): Name = "Device Package"; Value = "SOD-323-2"; VariantName = "[No Variations]"
Change component parameters (AddParameter): Name = "Forward Current"; Value = "0.75 A"; VariantName = "[No Variations]"
Change component parameters (AddParameter): Name = "Forward Voltage"; Value = "40V"; VariantName = "[No Variations]"
Change component parameters (AddParameter): Name = "Last Updated"; Value = "7/30/2024 11:32:39 AM"; VariantName = "[No Variations]"
Change component parameters (AddParameter): Name = "Live Cycle Status"; Value = "1"; VariantName = "[No Variations]"
Change component parameters (AddParameter): Name = "Manufacturer"; Value = "Infineon Technologies"; VariantName = "[No Variations]"
Change component parameters (AddParameter): Name = "Manufacturer Part Number"; Value = "BAT165E6327"; VariantName = "[No Variations]"
Change component parameters (AddParameter): Name = "Mounting Type"; Value = "SMD"; VariantName = "[No Variations]"
Change component parameters (AddParameter): Name = "Operating Temperature"; Value = "-65 - 150 °C"; VariantName = "[No Variations]"
Change component parameters (AddParameter): Name = "PartID"; Value = "19"; VariantName = "[No Variations]"
Change component parameters (AddParameter): Name = "Reverse Current"; Value = "50uA"; VariantName = "[No Variations]"
Change component parameters (AddParameter): Name = "Series"; Value = "BAT165"; VariantName = "[No Variations]"
Change component parameters (AddParameter): Name = "Stock number"; Value = "not stored"; VariantName = "[No Variations]"
Change component parameters (AddParameter): Name = "Supplier 1"; Value = "Mouser"; VariantName = "[No Variations]"
Change component parameters (AddParameter): Name = "Supplier 2"; Value = "JLC"; VariantName = "[No Variations]"
Change component parameters (AddParameter): Name = "Supplier Part Number 1"; Value = "726-BAT165E6327"; VariantName = "[No Variations]"
Change component parameters (AddParameter): Name = "Supplier Part Number 2"; Value = "C533629"; VariantName = "[No Variations]"
Change component parameters (AddParameter): Name = "Type"; Value = "Schottky Diode"; VariantName = "[No Variations]"
Change component parameters (AddParameter): Name = "Value"; Value = "40V"; VariantName = "[No Variations]"
Added Member To Class: ClassName=2.5V_REF Member=Component C8 10 µF
