Removed Pin From Net: NetName=NetC16A_2 Pin=U4A-1
Removed Pin From Net: NetName=VCOM_2A Pin=U4A-2
Removed Pin From Net: NetName=5V_U4A Pin=U4A-3
Removed Pin From Net: NetName=UA_P Pin=U4A-4
Removed Pin From Net: NetName=UA_N Pin=U4A-5
Removed Pin From Net: NetName=GND Pin=U4A-6
Removed Pin From Net: NetName=5V_U4A Pin=U4A-7
Removed Pin From Net: NetName=NetC14A_2 Pin=U4A-8
Removed Pin From Net: NetName=NetC16B_2 Pin=U4B-1
Removed Pin From Net: NetName=VCOM_2B Pin=U4B-2
Removed Pin From Net: NetName=5V_U4B Pin=U4B-3
Removed Pin From Net: NetName=UB_P Pin=U4B-4
Removed Pin From Net: NetName=UB_N Pin=U4B-5
Removed Pin From Net: NetName=GND Pin=U4B-6
Removed Pin From Net: NetName=5V_U4B Pin=U4B-7
Removed Pin From Net: NetName=NetC14B_2 Pin=U4B-8
Removed Pin From Net: NetName=NetC16C_2 Pin=U4C-1
Removed Pin From Net: NetName=VCOM_2C Pin=U4C-2
Removed Pin From Net: NetName=5V_U4C Pin=U4C-3
Removed Pin From Net: NetName=UC_P Pin=U4C-4
Removed Pin From Net: NetName=UC_N Pin=U4C-5
Removed Pin From Net: NetName=GND Pin=U4C-6
Removed Pin From Net: NetName=5V_U4C Pin=U4C-7
Removed Pin From Net: NetName=NetC14C_2 Pin=U4C-8
Removed Member From Class: ClassName=PhaseMeasurements1 Member=U4A
Removed Member From Class: ClassName=PhaseMeasurements2 Member=U4B
Removed Member From Class: ClassName=PhaseMeasurements3 Member=U4C
Added Component: Designator=U?A(SOT127P600X175-8N)
Add component (AddParameter): Name = "Channels"; Value = "1"; VariantName = "[No Variations]"
Add component (AddParameter): Name = "CMRR"; Value = "86 dB"; VariantName = "[No Variations]"
Add component (AddParameter): Name = "Component Type"; Value = "Differential Amplifier"; VariantName = "[No Variations]"
Add component (AddParameter): Name = "ComponentLink1Description"; Value = "Datasheet"; VariantName = "[No Variations]"
Add component (AddParameter): Name = "ComponentLink1URL"; Value = "https://www.mouser.de/datasheet/2/609/ada4940_1_4940_2-2955874.pdf"; VariantName = "[No Variations]"
Add component (AddParameter): Name = "Created from"; Value = "DHufnagel"; VariantName = "[No Variations]"
Add component (AddParameter): Name = "Created On"; Value = "18.08.2022 12:53:27"; VariantName = "[No Variations]"
Add component (AddParameter): Name = "Device Package"; Value = "SOIC-8"; VariantName = "[No Variations]"
Add component (AddParameter): Name = "GBP"; Value = "260 MHz"; VariantName = "[No Variations]"
Add component (AddParameter): Name = "Last Updated"; Value = "18.08.2022 13:04:18"; VariantName = "[No Variations]"
Add component (AddParameter): Name = "LCSC Part Number"; Value = "C730049"; VariantName = "[No Variations]"
Add component (AddParameter): Name = "Live Cycle Status"; Value = "1"; VariantName = "[No Variations]"
Add component (AddParameter): Name = "Manufacturer"; Value = "Analog Devices"; VariantName = "[No Variations]"
Add component (AddParameter): Name = "Manufacturer Part Number"; Value = "ADA4940-1ARZ-R7"; VariantName = "[No Variations]"
Add component (AddParameter): Name = "Mounting Type"; Value = "SMD"; VariantName = "[No Variations]"
Add component (AddParameter): Name = "Operating Temperature"; Value = "-40 - 105°C"; VariantName = "[No Variations]"
Add component (AddParameter): Name = "PartID"; Value = "14"; VariantName = "[No Variations]"
Add component (AddParameter): Name = "Series"; Value = "ADA4940-1"; VariantName = "[No Variations]"
Add component (AddParameter): Name = "Stock number"; Value = "not stored"; VariantName = "[No Variations]"
Add component (AddParameter): Name = "Supplier 1"; Value = "Mouser"; VariantName = "[No Variations]"
Add component (AddParameter): Name = "Supplier 2"; Value = "Digi-Key"; VariantName = "[No Variations]"
Add component (AddParameter): Name = "Supplier 3"; Value = "LCSC"; VariantName = "[No Variations]"
Add component (AddParameter): Name = "Supplier Part Number 1"; Value = "584-ADA4940-1ARZ"; VariantName = "[No Variations]"
Add component (AddParameter): Name = "Supplier Part Number 2"; Value = "505-ADA4940-1ARZ-ND"; VariantName = "[No Variations]"
Add component (AddParameter): Name = "Supplier Part Number 3"; Value = "C730049"; VariantName = "[No Variations]"
Add component (AddParameter): Name = "Type"; Value = "Differential Amplifiers"; VariantName = "[No Variations]"
Added Component: Designator=U?B(SOT127P600X175-8N)
Add component (AddParameter): Name = "Channels"; Value = "1"; VariantName = "[No Variations]"
Add component (AddParameter): Name = "CMRR"; Value = "86 dB"; VariantName = "[No Variations]"
Add component (AddParameter): Name = "Component Type"; Value = "Differential Amplifier"; VariantName = "[No Variations]"
Add component (AddParameter): Name = "ComponentLink1Description"; Value = "Datasheet"; VariantName = "[No Variations]"
Add component (AddParameter): Name = "ComponentLink1URL"; Value = "https://www.mouser.de/datasheet/2/609/ada4940_1_4940_2-2955874.pdf"; VariantName = "[No Variations]"
Add component (AddParameter): Name = "Created from"; Value = "DHufnagel"; VariantName = "[No Variations]"
Add component (AddParameter): Name = "Created On"; Value = "18.08.2022 12:53:27"; VariantName = "[No Variations]"
Add component (AddParameter): Name = "Device Package"; Value = "SOIC-8"; VariantName = "[No Variations]"
Add component (AddParameter): Name = "GBP"; Value = "260 MHz"; VariantName = "[No Variations]"
Add component (AddParameter): Name = "Last Updated"; Value = "18.08.2022 13:04:18"; VariantName = "[No Variations]"
Add component (AddParameter): Name = "LCSC Part Number"; Value = "C730049"; VariantName = "[No Variations]"
Add component (AddParameter): Name = "Live Cycle Status"; Value = "1"; VariantName = "[No Variations]"
Add component (AddParameter): Name = "Manufacturer"; Value = "Analog Devices"; VariantName = "[No Variations]"
Add component (AddParameter): Name = "Manufacturer Part Number"; Value = "ADA4940-1ARZ-R7"; VariantName = "[No Variations]"
Add component (AddParameter): Name = "Mounting Type"; Value = "SMD"; VariantName = "[No Variations]"
Add component (AddParameter): Name = "Operating Temperature"; Value = "-40 - 105°C"; VariantName = "[No Variations]"
Add component (AddParameter): Name = "PartID"; Value = "14"; VariantName = "[No Variations]"
Add component (AddParameter): Name = "Series"; Value = "ADA4940-1"; VariantName = "[No Variations]"
Add component (AddParameter): Name = "Stock number"; Value = "not stored"; VariantName = "[No Variations]"
Add component (AddParameter): Name = "Supplier 1"; Value = "Mouser"; VariantName = "[No Variations]"
Add component (AddParameter): Name = "Supplier 2"; Value = "Digi-Key"; VariantName = "[No Variations]"
Add component (AddParameter): Name = "Supplier 3"; Value = "LCSC"; VariantName = "[No Variations]"
Add component (AddParameter): Name = "Supplier Part Number 1"; Value = "584-ADA4940-1ARZ"; VariantName = "[No Variations]"
Add component (AddParameter): Name = "Supplier Part Number 2"; Value = "505-ADA4940-1ARZ-ND"; VariantName = "[No Variations]"
Add component (AddParameter): Name = "Supplier Part Number 3"; Value = "C730049"; VariantName = "[No Variations]"
Add component (AddParameter): Name = "Type"; Value = "Differential Amplifiers"; VariantName = "[No Variations]"
Added Component: Designator=U?C(SOT127P600X175-8N)
Add component (AddParameter): Name = "Channels"; Value = "1"; VariantName = "[No Variations]"
Add component (AddParameter): Name = "CMRR"; Value = "86 dB"; VariantName = "[No Variations]"
Add component (AddParameter): Name = "Component Type"; Value = "Differential Amplifier"; VariantName = "[No Variations]"
Add component (AddParameter): Name = "ComponentLink1Description"; Value = "Datasheet"; VariantName = "[No Variations]"
Add component (AddParameter): Name = "ComponentLink1URL"; Value = "https://www.mouser.de/datasheet/2/609/ada4940_1_4940_2-2955874.pdf"; VariantName = "[No Variations]"
Add component (AddParameter): Name = "Created from"; Value = "DHufnagel"; VariantName = "[No Variations]"
Add component (AddParameter): Name = "Created On"; Value = "18.08.2022 12:53:27"; VariantName = "[No Variations]"
Add component (AddParameter): Name = "Device Package"; Value = "SOIC-8"; VariantName = "[No Variations]"
Add component (AddParameter): Name = "GBP"; Value = "260 MHz"; VariantName = "[No Variations]"
Add component (AddParameter): Name = "Last Updated"; Value = "18.08.2022 13:04:18"; VariantName = "[No Variations]"
Add component (AddParameter): Name = "LCSC Part Number"; Value = "C730049"; VariantName = "[No Variations]"
Add component (AddParameter): Name = "Live Cycle Status"; Value = "1"; VariantName = "[No Variations]"
Add component (AddParameter): Name = "Manufacturer"; Value = "Analog Devices"; VariantName = "[No Variations]"
Add component (AddParameter): Name = "Manufacturer Part Number"; Value = "ADA4940-1ARZ-R7"; VariantName = "[No Variations]"
Add component (AddParameter): Name = "Mounting Type"; Value = "SMD"; VariantName = "[No Variations]"
Add component (AddParameter): Name = "Operating Temperature"; Value = "-40 - 105°C"; VariantName = "[No Variations]"
Add component (AddParameter): Name = "PartID"; Value = "14"; VariantName = "[No Variations]"
Add component (AddParameter): Name = "Series"; Value = "ADA4940-1"; VariantName = "[No Variations]"
Add component (AddParameter): Name = "Stock number"; Value = "not stored"; VariantName = "[No Variations]"
Add component (AddParameter): Name = "Supplier 1"; Value = "Mouser"; VariantName = "[No Variations]"
Add component (AddParameter): Name = "Supplier 2"; Value = "Digi-Key"; VariantName = "[No Variations]"
Add component (AddParameter): Name = "Supplier 3"; Value = "LCSC"; VariantName = "[No Variations]"
Add component (AddParameter): Name = "Supplier Part Number 1"; Value = "584-ADA4940-1ARZ"; VariantName = "[No Variations]"
Add component (AddParameter): Name = "Supplier Part Number 2"; Value = "505-ADA4940-1ARZ-ND"; VariantName = "[No Variations]"
Add component (AddParameter): Name = "Supplier Part Number 3"; Value = "C730049"; VariantName = "[No Variations]"
Add component (AddParameter): Name = "Type"; Value = "Differential Amplifiers"; VariantName = "[No Variations]"
Added Pin To Net: NetName=NetC16A_2 Pin=U?A-1
Added Pin To Net: NetName=VCOM_2A Pin=U?A-2
Added Pin To Net: NetName=5V_U4A Pin=U?A-3
Added Pin To Net: NetName=UA_P Pin=U?A-4
Added Pin To Net: NetName=UA_N Pin=U?A-5
Added Pin To Net: NetName=GND Pin=U?A-6
Added Pin To Net: NetName=5V_U4A Pin=U?A-7
Added Pin To Net: NetName=NetC14A_2 Pin=U?A-8
Added Pin To Net: NetName=NetC16B_2 Pin=U?B-1
Added Pin To Net: NetName=VCOM_2B Pin=U?B-2
Added Pin To Net: NetName=5V_U4B Pin=U?B-3
Added Pin To Net: NetName=UB_P Pin=U?B-4
Added Pin To Net: NetName=UB_N Pin=U?B-5
Added Pin To Net: NetName=GND Pin=U?B-6
Added Pin To Net: NetName=5V_U4B Pin=U?B-7
Added Pin To Net: NetName=NetC14B_2 Pin=U?B-8
Added Pin To Net: NetName=NetC16C_2 Pin=U?C-1
Added Pin To Net: NetName=VCOM_2C Pin=U?C-2
Added Pin To Net: NetName=5V_U4C Pin=U?C-3
Added Pin To Net: NetName=UC_P Pin=U?C-4
Added Pin To Net: NetName=UC_N Pin=U?C-5
Added Pin To Net: NetName=GND Pin=U?C-6
Added Pin To Net: NetName=5V_U4C Pin=U?C-7
Added Pin To Net: NetName=NetC14C_2 Pin=U?C-8
Added Member To Class: ClassName=PhaseMeasurements1 Member=Component U3A (U3) ADA4940-1ARZ-R7
Added Member To Class: ClassName=PhaseMeasurements2 Member=Component U3B (U3) ADA4940-1ARZ-R7
Added Member To Class: ClassName=PhaseMeasurements3 Member=Component U3C (U3) ADA4940-1ARZ-R7
Added Member To Class: ClassName=PhaseMeasurements1 Member=Component U?A (U?) ADA4940-1ARZ-R7
Added Member To Class: ClassName=PhaseMeasurements2 Member=Component U?B (U?) ADA4940-1ARZ-R7
Added Member To Class: ClassName=PhaseMeasurements3 Member=Component U?C (U?) ADA4940-1ARZ-R7
