Removed Pin From Net: NetName=2V5_REF Pin=R12A-2
Removed Pin From Net: NetName=2V5_REF Pin=R12B-2
Removed Pin From Net: NetName=2V5_REF Pin=R12C-2
Removed Pin From Net: NetName=I_OUTA Pin=R13A-2
Removed Pin From Net: NetName=I_OUTB Pin=R13B-2
Removed Pin From Net: NetName=I_OUTC Pin=R13C-2
Removed Pin From Net: NetName=2V5_REF Pin=R53-2
Change Component Comment : Designator=Revision Old Comment=Rev05 New Comment=Rev04
Change component parameters: Designator = "Revision" ("Revision"); Footprint = "Designator:comment"; UniqueID = "\AMKHLNHN" ("\AMKHLNHN")
Change component parameters (AddParameter): Name = "Created"; Value = "2020-01-08_Thilo_Wendt"; VariantName = "[No Variations]"
Change component parameters (AddParameter): Name = "Value"; Value = "Rev04"; VariantName = "[No Variations]"
Added Pin To Net: NetName=I_OUTA Pin=R12A-2
Added Pin To Net: NetName=I_OUTB Pin=R12B-2
Added Pin To Net: NetName=I_OUTC Pin=R12C-2
Added Pin To Net: NetName=2V5_REF Pin=R13A-2
Added Pin To Net: NetName=2V5_REF Pin=R13B-2
Added Pin To Net: NetName=2V5_REF Pin=R13C-2
Added Pin To Net: NetName=2V5_REF Pin=R54-2
Added Pin To Net: NetName=NetR53_2 Pin=R53-2
Added Pin To Net: NetName=NetR53_2 Pin=U11-5
Added Net: Name=NetR53_2
Added Member To Class: ClassName=PhaseMeasurements1 Member=Component C24A (C24) 100 nF
