Removed Pin From Net: NetName=GND Pin=U7A-1
Removed Pin From Net: NetName=PWM_H1 Pin=U7A-2
Removed Pin From Net: NetName=PWM_L1 Pin=U7A-3
Removed Pin From Net: NetName=PWM_EN Pin=U7A-5
Removed Pin From Net: NetName=3V3_PER Pin=U7A-7
Removed Pin From Net: NetName=GND Pin=U7A-8
Removed Pin From Net: NetName=GATE_LOWA Pin=U7A-9
Removed Pin From Net: NetName=12V_BOTA Pin=U7A-10
Removed Pin From Net: NetName=GND_TOPA Pin=U7A-11
Removed Pin From Net: NetName=GATE_HIGHA Pin=U7A-12
Removed Pin From Net: NetName=12V_TOPA Pin=U7A-13
Removed Pin From Net: NetName=GND Pin=U7B-1
Removed Pin From Net: NetName=PWM_H2 Pin=U7B-2
Removed Pin From Net: NetName=PWM_L2 Pin=U7B-3
Removed Pin From Net: NetName=PWM_EN Pin=U7B-5
Removed Pin From Net: NetName=3V3_PER Pin=U7B-7
Removed Pin From Net: NetName=GND Pin=U7B-8
Removed Pin From Net: NetName=GATE_LOWB Pin=U7B-9
Removed Pin From Net: NetName=12V_BOTB Pin=U7B-10
Removed Pin From Net: NetName=GND_TOPB Pin=U7B-11
Removed Pin From Net: NetName=GATE_HIGHB Pin=U7B-12
Removed Pin From Net: NetName=12V_TOPB Pin=U7B-13
Removed Pin From Net: NetName=GND Pin=U7C-1
Removed Pin From Net: NetName=PWM_H3 Pin=U7C-2
Removed Pin From Net: NetName=PWM_L3 Pin=U7C-3
Removed Pin From Net: NetName=PWM_EN Pin=U7C-5
Removed Pin From Net: NetName=3V3_PER Pin=U7C-7
Removed Pin From Net: NetName=GND Pin=U7C-8
Removed Pin From Net: NetName=GATE_LOWC Pin=U7C-9
Removed Pin From Net: NetName=12V_BOTC Pin=U7C-10
Removed Pin From Net: NetName=GND_TOPC Pin=U7C-11
Removed Pin From Net: NetName=GATE_HIGHC Pin=U7C-12
Removed Pin From Net: NetName=12V_TOPC Pin=U7C-13
Removed Member From Class: ClassName=Halfbridge1 Member=U7A
Removed Member From Class: ClassName=Halfbridge2 Member=U7B
Removed Member From Class: ClassName=Halfbridge3 Member=U7C
Added Component: Designator=U?A(2EDF7275KXUMA1)
Add component (AddParameter): Name = "Component Type"; Value = "Gate Driver"; VariantName = "[No Variations]"
Add component (AddParameter): Name = "ComponentLink1Description"; Value = "Datasheet"; VariantName = "[No Variations]"
Add component (AddParameter): Name = "ComponentLink1URL"; Value = "https://datasheet.lcsc.com/lcsc/2202151130_Infineon-Technologies-2EDF7275KXUMA2_C2975252.pdf"; VariantName = "[No Variations]"
Add component (AddParameter): Name = "Created from"; Value = "AGeiger"; VariantName = "[No Variations]"
Add component (AddParameter): Name = "Created On"; Value = "21.02.2024 16:40:21"; VariantName = "[No Variations]"
Add component (AddParameter): Name = "Device Package"; Value = "PG-TFLGA-13-1"; VariantName = "[No Variations]"
Add component (AddParameter): Name = "Last Updated"; Value = "21.02.2024 16:40:21"; VariantName = "[No Variations]"
Add component (AddParameter): Name = "LCSC Part Number"; Value = "C2975252"; VariantName = "[No Variations]"
Add component (AddParameter): Name = "Live Cycle Status"; Value = "1"; VariantName = "[No Variations]"
Add component (AddParameter): Name = "Manufacturer"; Value = "Infineon Technologies"; VariantName = "[No Variations]"
Add component (AddParameter): Name = "Manufacturer Part Number"; Value = "2EDF7275KXUMA2"; VariantName = "[No Variations]"
Add component (AddParameter): Name = "Mounting Type"; Value = "SMD"; VariantName = "[No Variations]"
Add component (AddParameter): Name = "Operating Temperature"; Value = "-40 - 125°C"; VariantName = "[No Variations]"
Add component (AddParameter): Name = "PartID"; Value = "7"; VariantName = "[No Variations]"
Add component (AddParameter): Name = "Stock number"; Value = "not stored"; VariantName = "[No Variations]"
Add component (AddParameter): Name = "Supplier 1"; Value = "LCSC"; VariantName = "[No Variations]"
Add component (AddParameter): Name = "Supplier Part Number 1"; Value = "C2975252"; VariantName = "[No Variations]"
Add component (AddParameter): Name = "Type"; Value = "Gate Driver"; VariantName = "[No Variations]"
Added Component: Designator=U?B(2EDF7275KXUMA1)
Add component (AddParameter): Name = "Component Type"; Value = "Gate Driver"; VariantName = "[No Variations]"
Add component (AddParameter): Name = "ComponentLink1Description"; Value = "Datasheet"; VariantName = "[No Variations]"
Add component (AddParameter): Name = "ComponentLink1URL"; Value = "https://datasheet.lcsc.com/lcsc/2202151130_Infineon-Technologies-2EDF7275KXUMA2_C2975252.pdf"; VariantName = "[No Variations]"
Add component (AddParameter): Name = "Created from"; Value = "AGeiger"; VariantName = "[No Variations]"
Add component (AddParameter): Name = "Created On"; Value = "21.02.2024 16:40:21"; VariantName = "[No Variations]"
Add component (AddParameter): Name = "Device Package"; Value = "PG-TFLGA-13-1"; VariantName = "[No Variations]"
Add component (AddParameter): Name = "Last Updated"; Value = "21.02.2024 16:40:21"; VariantName = "[No Variations]"
Add component (AddParameter): Name = "LCSC Part Number"; Value = "C2975252"; VariantName = "[No Variations]"
Add component (AddParameter): Name = "Live Cycle Status"; Value = "1"; VariantName = "[No Variations]"
Add component (AddParameter): Name = "Manufacturer"; Value = "Infineon Technologies"; VariantName = "[No Variations]"
Add component (AddParameter): Name = "Manufacturer Part Number"; Value = "2EDF7275KXUMA2"; VariantName = "[No Variations]"
Add component (AddParameter): Name = "Mounting Type"; Value = "SMD"; VariantName = "[No Variations]"
Add component (AddParameter): Name = "Operating Temperature"; Value = "-40 - 125°C"; VariantName = "[No Variations]"
Add component (AddParameter): Name = "PartID"; Value = "7"; VariantName = "[No Variations]"
Add component (AddParameter): Name = "Stock number"; Value = "not stored"; VariantName = "[No Variations]"
Add component (AddParameter): Name = "Supplier 1"; Value = "LCSC"; VariantName = "[No Variations]"
Add component (AddParameter): Name = "Supplier Part Number 1"; Value = "C2975252"; VariantName = "[No Variations]"
Add component (AddParameter): Name = "Type"; Value = "Gate Driver"; VariantName = "[No Variations]"
Added Component: Designator=U?C(2EDF7275KXUMA1)
Add component (AddParameter): Name = "Component Type"; Value = "Gate Driver"; VariantName = "[No Variations]"
Add component (AddParameter): Name = "ComponentLink1Description"; Value = "Datasheet"; VariantName = "[No Variations]"
Add component (AddParameter): Name = "ComponentLink1URL"; Value = "https://datasheet.lcsc.com/lcsc/2202151130_Infineon-Technologies-2EDF7275KXUMA2_C2975252.pdf"; VariantName = "[No Variations]"
Add component (AddParameter): Name = "Created from"; Value = "AGeiger"; VariantName = "[No Variations]"
Add component (AddParameter): Name = "Created On"; Value = "21.02.2024 16:40:21"; VariantName = "[No Variations]"
Add component (AddParameter): Name = "Device Package"; Value = "PG-TFLGA-13-1"; VariantName = "[No Variations]"
Add component (AddParameter): Name = "Last Updated"; Value = "21.02.2024 16:40:21"; VariantName = "[No Variations]"
Add component (AddParameter): Name = "LCSC Part Number"; Value = "C2975252"; VariantName = "[No Variations]"
Add component (AddParameter): Name = "Live Cycle Status"; Value = "1"; VariantName = "[No Variations]"
Add component (AddParameter): Name = "Manufacturer"; Value = "Infineon Technologies"; VariantName = "[No Variations]"
Add component (AddParameter): Name = "Manufacturer Part Number"; Value = "2EDF7275KXUMA2"; VariantName = "[No Variations]"
Add component (AddParameter): Name = "Mounting Type"; Value = "SMD"; VariantName = "[No Variations]"
Add component (AddParameter): Name = "Operating Temperature"; Value = "-40 - 125°C"; VariantName = "[No Variations]"
Add component (AddParameter): Name = "PartID"; Value = "7"; VariantName = "[No Variations]"
Add component (AddParameter): Name = "Stock number"; Value = "not stored"; VariantName = "[No Variations]"
Add component (AddParameter): Name = "Supplier 1"; Value = "LCSC"; VariantName = "[No Variations]"
Add component (AddParameter): Name = "Supplier Part Number 1"; Value = "C2975252"; VariantName = "[No Variations]"
Add component (AddParameter): Name = "Type"; Value = "Gate Driver"; VariantName = "[No Variations]"
Added Pin To Net: NetName=GND Pin=U?A-1
Added Pin To Net: NetName=PWM_H1 Pin=U?A-2
Added Pin To Net: NetName=PWM_L1 Pin=U?A-3
Added Pin To Net: NetName=PWM_EN Pin=U?A-5
Added Pin To Net: NetName=3V3_PER Pin=U?A-7
Added Pin To Net: NetName=GND Pin=U?A-8
Added Pin To Net: NetName=GATE_LOWA Pin=U?A-9
Added Pin To Net: NetName=12V_BOTA Pin=U?A-10
Added Pin To Net: NetName=GND_TOPA Pin=U?A-11
Added Pin To Net: NetName=GATE_HIGHA Pin=U?A-12
Added Pin To Net: NetName=12V_TOPA Pin=U?A-13
Added Pin To Net: NetName=GND Pin=U?B-1
Added Pin To Net: NetName=PWM_H2 Pin=U?B-2
Added Pin To Net: NetName=PWM_L2 Pin=U?B-3
Added Pin To Net: NetName=PWM_EN Pin=U?B-5
Added Pin To Net: NetName=3V3_PER Pin=U?B-7
Added Pin To Net: NetName=GND Pin=U?B-8
Added Pin To Net: NetName=GATE_LOWB Pin=U?B-9
Added Pin To Net: NetName=12V_BOTB Pin=U?B-10
Added Pin To Net: NetName=GND_TOPB Pin=U?B-11
Added Pin To Net: NetName=GATE_HIGHB Pin=U?B-12
Added Pin To Net: NetName=12V_TOPB Pin=U?B-13
Added Pin To Net: NetName=GND Pin=U?C-1
Added Pin To Net: NetName=PWM_H3 Pin=U?C-2
Added Pin To Net: NetName=PWM_L3 Pin=U?C-3
Added Pin To Net: NetName=PWM_EN Pin=U?C-5
Added Pin To Net: NetName=3V3_PER Pin=U?C-7
Added Pin To Net: NetName=GND Pin=U?C-8
Added Pin To Net: NetName=GATE_LOWC Pin=U?C-9
Added Pin To Net: NetName=12V_BOTC Pin=U?C-10
Added Pin To Net: NetName=GND_TOPC Pin=U?C-11
Added Pin To Net: NetName=GATE_HIGHC Pin=U?C-12
Added Pin To Net: NetName=12V_TOPC Pin=U?C-13
Added Member To Class: ClassName=Halfbridge1 Member=Component U?A (U?) 2EDF7275KXUMA2
Added Member To Class: ClassName=Halfbridge2 Member=Component U?B (U?) 2EDF7275KXUMA2
Added Member To Class: ClassName=Halfbridge3 Member=Component U?C (U?) 2EDF7275KXUMA2
