Removed Pin From Net: NetName=3V3_PER Pin=C20A-1
Removed Pin From Net: NetName=GND Pin=C20A-2
Removed Pin From Net: NetName=3V3_PER Pin=C20B-1
Removed Pin From Net: NetName=GND Pin=C20B-2
Removed Pin From Net: NetName=3V3_PER Pin=C20C-1
Removed Pin From Net: NetName=GND Pin=C20C-2
Removed Pin From Net: NetName=GND Pin=C21A-1
Removed Pin From Net: NetName=GND Pin=C21B-1
Removed Pin From Net: NetName=GND Pin=C21C-1
Removed Pin From Net: NetName=GND Pin=C22A-1
Removed Pin From Net: NetName=GND Pin=C22B-1
Removed Pin From Net: NetName=GND Pin=C22C-1
Removed Pin From Net: NetName=3V3_PER Pin=L10A-2
Removed Pin From Net: NetName=3V3_PER Pin=L10B-2
Removed Pin From Net: NetName=3V3_PER Pin=L10C-2
Removed Pin From Net: NetName=GND Pin=R36A-1
Removed Pin From Net: NetName=GND Pin=R36B-1
Removed Pin From Net: NetName=GND Pin=R36C-1
Removed Pin From Net: NetName=GND Pin=R37A-1
Removed Pin From Net: NetName=GND Pin=R37B-1
Removed Pin From Net: NetName=GND Pin=R37C-1
Removed Pin From Net: NetName=GND Pin=R39A-2
Removed Pin From Net: NetName=GND Pin=R39B-2
Removed Pin From Net: NetName=GND Pin=R39C-2
Removed Pin From Net: NetName=GND Pin=R40A-1
Removed Pin From Net: NetName=GND Pin=R40B-1
Removed Pin From Net: NetName=GND Pin=R40C-1
Removed Pin From Net: NetName=GND Pin=R41A-1
Removed Pin From Net: NetName=GND Pin=R41B-1
Removed Pin From Net: NetName=GND Pin=R41C-1
Removed Pin From Net: NetName=3V3_PER Pin=R42A-2
Removed Pin From Net: NetName=3V3_PER Pin=R42B-2
Removed Pin From Net: NetName=3V3_PER Pin=R42C-2
Removed Pin From Net: NetName=3V3_PER Pin=R44A-1
Removed Pin From Net: NetName=3V3_PER Pin=R44B-1
Removed Pin From Net: NetName=3V3_PER Pin=R44C-1
Removed Pin From Net: NetName=GND Pin=R45A-2
Removed Pin From Net: NetName=GND Pin=R45B-2
Removed Pin From Net: NetName=GND Pin=R45C-2
Removed Pin From Net: NetName=GND Pin=U8A-2
Removed Pin From Net: NetName=GND Pin=U8B-2
Removed Pin From Net: NetName=GND Pin=U8C-2
Removed Pin From Net: NetName=GND Pin=U9A-1
Removed Pin From Net: NetName=3V3_PER Pin=U9A-4
Removed Pin From Net: NetName=GND Pin=U9A-9
Removed Pin From Net: NetName=GND Pin=U9B-1
Removed Pin From Net: NetName=3V3_PER Pin=U9B-4
Removed Pin From Net: NetName=GND Pin=U9B-9
Removed Pin From Net: NetName=GND Pin=U9C-1
Removed Pin From Net: NetName=3V3_PER Pin=U9C-4
Removed Pin From Net: NetName=GND Pin=U9C-9
Removed Member From Class: ClassName=TempMeasurements1 Member=C20A
Removed Member From Class: ClassName=TempMeasurements2 Member=C20B
Removed Member From Class: ClassName=TempMeasurements3 Member=C20C
Removed Member From Class: ClassName=TempMeasurements1 Member=C21A
Removed Member From Class: ClassName=TempMeasurements2 Member=C21B
Removed Member From Class: ClassName=TempMeasurements3 Member=C21C
Removed Member From Class: ClassName=TempMeasurements1 Member=C22A
Removed Member From Class: ClassName=TempMeasurements2 Member=C22B
Removed Member From Class: ClassName=TempMeasurements3 Member=C22C
Removed Member From Class: ClassName=TempMeasurements1 Member=L10A
Removed Member From Class: ClassName=TempMeasurements2 Member=L10B
Removed Member From Class: ClassName=TempMeasurements3 Member=L10C
Removed Member From Class: ClassName=TempMeasurements1 Member=R36A
Removed Member From Class: ClassName=TempMeasurements2 Member=R36B
Removed Member From Class: ClassName=TempMeasurements3 Member=R36C
Removed Member From Class: ClassName=TempMeasurements1 Member=R37A
Removed Member From Class: ClassName=TempMeasurements2 Member=R37B
Removed Member From Class: ClassName=TempMeasurements3 Member=R37C
Removed Member From Class: ClassName=TempMeasurements1 Member=R38A
Removed Member From Class: ClassName=TempMeasurements2 Member=R38B
Removed Member From Class: ClassName=TempMeasurements3 Member=R38C
Removed Member From Class: ClassName=TempMeasurements1 Member=R39A
Removed Member From Class: ClassName=TempMeasurements2 Member=R39B
Removed Member From Class: ClassName=TempMeasurements3 Member=R39C
Removed Member From Class: ClassName=TempMeasurements1 Member=R40A
Removed Member From Class: ClassName=TempMeasurements2 Member=R40B
Removed Member From Class: ClassName=TempMeasurements3 Member=R40C
Removed Member From Class: ClassName=TempMeasurements1 Member=R41A
Removed Member From Class: ClassName=TempMeasurements2 Member=R41B
Removed Member From Class: ClassName=TempMeasurements3 Member=R41C
Removed Member From Class: ClassName=TempMeasurements1 Member=R42A
Removed Member From Class: ClassName=TempMeasurements2 Member=R42B
Removed Member From Class: ClassName=TempMeasurements3 Member=R42C
Removed Member From Class: ClassName=TempMeasurements1 Member=R44A
Removed Member From Class: ClassName=TempMeasurements2 Member=R44B
Removed Member From Class: ClassName=TempMeasurements3 Member=R44C
Removed Member From Class: ClassName=TempMeasurements1 Member=R45A
Removed Member From Class: ClassName=TempMeasurements2 Member=R45B
Removed Member From Class: ClassName=TempMeasurements3 Member=R45C
Removed Member From Class: ClassName=TempMeasurements1 Member=U8A
Removed Member From Class: ClassName=TempMeasurements2 Member=U8B
Removed Member From Class: ClassName=TempMeasurements3 Member=U8C
Removed Member From Class: ClassName=TempMeasurements1 Member=U9A
Removed Member From Class: ClassName=TempMeasurements2 Member=U9B
Removed Member From Class: ClassName=TempMeasurements3 Member=U9C
Removed Member From Class: ClassName=TempMeasurements1 Member=X3A
Removed Member From Class: ClassName=TempMeasurements2 Member=X3B
Removed Member From Class: ClassName=TempMeasurements3 Member=X3C
Change Component Comment : Designator=Revision Old Comment=Rev04 New Comment=Rev05
Change component parameters: Designator = "Revision" ("Revision"); Footprint = "Designator:comment"; UniqueID = "\AMKHLNHN" ("\AMKHLNHN")
Change component parameters (AddParameter): Name = "Created"; Value = "2020-01-08_Thilo_Wendt"; VariantName = "[No Variations]"
Change component parameters (AddParameter): Name = "Value"; Value = "Rev05"; VariantName = "[No Variations]"
Added Member To Class: ClassName=Halfbridge3 Member=Component U7C (U7) 2EDF7275KXUMA2
