Added Component: Designator=C83C(C_0603)
Add component (AddParameter): Name = "Component Type"; Value = "Capacitor 0603"; VariantName = "[No Variations]"
Add component (AddParameter): Name = "ComponentLink1Description"; Value = "Datasheet"; VariantName = "[No Variations]"
Add component (AddParameter): Name = "ComponentLink1URL"; Value = "https://datasheet.lcsc.com/lcsc/2304140030_TDK-C1608X7S2A104KT000N_C343025.pdf"; VariantName = "[No Variations]"
Add component (AddParameter): Name = "Created from"; Value = "AGeiger"; VariantName = "[No Variations]"
Add component (AddParameter): Name = "Created On"; Value = "20.12.2020 13:54:13"; VariantName = "[No Variations]"
Add component (AddParameter): Name = "Device Package"; Value = "0603"; VariantName = "[No Variations]"
Add component (AddParameter): Name = "Last Updated"; Value = "14.12.2022 12:14:21"; VariantName = "[No Variations]"
Add component (AddParameter): Name = "LCSC Part Number"; Value = "C343025"; VariantName = "[No Variations]"
Add component (AddParameter): Name = "Live Cycle Status"; Value = "1"; VariantName = "[No Variations]"
Add component (AddParameter): Name = "Manufacturer"; Value = "TDK"; VariantName = "[No Variations]"
Add component (AddParameter): Name = "Manufacturer Part Number"; Value = "C1608X7S2A104KT000N"; VariantName = "[No Variations]"
Add component (AddParameter): Name = "Mounting Type"; Value = "SMD"; VariantName = "[No Variations]"
Add component (AddParameter): Name = "Operating Temperature"; Value = "-55 to 125°C"; VariantName = "[No Variations]"
Add component (AddParameter): Name = "PartID"; Value = "148"; VariantName = "[No Variations]"
Add component (AddParameter): Name = "Series"; Value = "X7R"; VariantName = "[No Variations]"
Add component (AddParameter): Name = "Stock number"; Value = "not stored"; VariantName = "[No Variations]"
Add component (AddParameter): Name = "Supplier 1"; Value = "LCSC"; VariantName = "[No Variations]"
Add component (AddParameter): Name = "Supplier Part Number 1"; Value = "C343025"; VariantName = "[No Variations]"
Add component (AddParameter): Name = "Tolerance"; Value = "10 %"; VariantName = "[No Variations]"
Add component (AddParameter): Name = "Type"; Value = "Capacitor"; VariantName = "[No Variations]"
Add component (AddParameter): Name = "Value"; Value = "100 nF"; VariantName = "[No Variations]"
Add component (AddParameter): Name = "Voltage Rating"; Value = "100 VDC"; VariantName = "[No Variations]"
Added Pin To Net: NetName=GND Pin=C83C-1
Added Pin To Net: NetName=2V5_REF Pin=C83C-2
Added Member To Class: ClassName=PhaseMeasurements3 Member=Component C83C (C83) 100 nF
