Added Component: Designator=IC?A(SOP65P490X110-8N)
Add component (AddParameter): Name = "Channels"; Value = "1"; VariantName = "[No Variations]"
Add component (AddParameter): Name = "CMRR"; Value = "89dB"; VariantName = "[No Variations]"
Add component (AddParameter): Name = "Component Type"; Value = "Current Sense Amplifier"; VariantName = "[No Variations]"
Add component (AddParameter): Name = "ComponentLink1Description"; Value = "Datasheet"; VariantName = "[No Variations]"
Add component (AddParameter): Name = "ComponentLink1URL"; Value = "https://www.ti.com/lit/ds/symlink/ina241b.pdf?ts=1718088817119&ref_url=https%253A%252F%252Fwww.mouser.de%252F"; VariantName = "[No Variations]"
Add component (AddParameter): Name = "Created from"; Value = "KPatel"; VariantName = "[No Variations]"
Add component (AddParameter): Name = "Created On"; Value = "6/28/2024 9:00:46 AM"; VariantName = "[No Variations]"
Add component (AddParameter): Name = "Device Package"; Value = "VSSOP-8"; VariantName = "[No Variations]"
Add component (AddParameter): Name = "GBP"; Value = "100MHz"; VariantName = "[No Variations]"
Add component (AddParameter): Name = "Last Updated"; Value = "6/28/2024 9:00:46 AM"; VariantName = "[No Variations]"
Add component (AddParameter): Name = "Live Cycle Status"; Value = "1"; VariantName = "[No Variations]"
Add component (AddParameter): Name = "Manufacturer"; Value = "Texas Instruments"; VariantName = "[No Variations]"
Add component (AddParameter): Name = "Manufacturer Part Number"; Value = "INA241A2IDGKR"; VariantName = "[No Variations]"
Add component (AddParameter): Name = "Mounting Type"; Value = "SMD"; VariantName = "[No Variations]"
Add component (AddParameter): Name = "Operating Temperature"; Value = "-40 - 125°C"; VariantName = "[No Variations]"
Add component (AddParameter): Name = "PartID"; Value = "30"; VariantName = "[No Variations]"
Add component (AddParameter): Name = "Series"; Value = "INA241A"; VariantName = "[No Variations]"
Add component (AddParameter): Name = "Stock number"; Value = "not stored"; VariantName = "[No Variations]"
Add component (AddParameter): Name = "Supplier 1"; Value = "Mouser"; VariantName = "[No Variations]"
Add component (AddParameter): Name = "Supplier Part Number 1"; Value = "595-INA241A2IDGKR"; VariantName = "[No Variations]"
Add component (AddParameter): Name = "Type"; Value = "Current Sense Amplifier"; VariantName = "[No Variations]"
Add component (AddParameter): Name = "Value"; Value = "Rail-to-Rail"; VariantName = "[No Variations]"
Added Component: Designator=IC?B(SOP65P490X110-8N)
Add component (AddParameter): Name = "Channels"; Value = "1"; VariantName = "[No Variations]"
Add component (AddParameter): Name = "CMRR"; Value = "89dB"; VariantName = "[No Variations]"
Add component (AddParameter): Name = "Component Type"; Value = "Current Sense Amplifier"; VariantName = "[No Variations]"
Add component (AddParameter): Name = "ComponentLink1Description"; Value = "Datasheet"; VariantName = "[No Variations]"
Add component (AddParameter): Name = "ComponentLink1URL"; Value = "https://www.ti.com/lit/ds/symlink/ina241b.pdf?ts=1718088817119&ref_url=https%253A%252F%252Fwww.mouser.de%252F"; VariantName = "[No Variations]"
Add component (AddParameter): Name = "Created from"; Value = "KPatel"; VariantName = "[No Variations]"
Add component (AddParameter): Name = "Created On"; Value = "6/28/2024 9:00:46 AM"; VariantName = "[No Variations]"
Add component (AddParameter): Name = "Device Package"; Value = "VSSOP-8"; VariantName = "[No Variations]"
Add component (AddParameter): Name = "GBP"; Value = "100MHz"; VariantName = "[No Variations]"
Add component (AddParameter): Name = "Last Updated"; Value = "6/28/2024 9:00:46 AM"; VariantName = "[No Variations]"
Add component (AddParameter): Name = "Live Cycle Status"; Value = "1"; VariantName = "[No Variations]"
Add component (AddParameter): Name = "Manufacturer"; Value = "Texas Instruments"; VariantName = "[No Variations]"
Add component (AddParameter): Name = "Manufacturer Part Number"; Value = "INA241A2IDGKR"; VariantName = "[No Variations]"
Add component (AddParameter): Name = "Mounting Type"; Value = "SMD"; VariantName = "[No Variations]"
Add component (AddParameter): Name = "Operating Temperature"; Value = "-40 - 125°C"; VariantName = "[No Variations]"
Add component (AddParameter): Name = "PartID"; Value = "30"; VariantName = "[No Variations]"
Add component (AddParameter): Name = "Series"; Value = "INA241A"; VariantName = "[No Variations]"
Add component (AddParameter): Name = "Stock number"; Value = "not stored"; VariantName = "[No Variations]"
Add component (AddParameter): Name = "Supplier 1"; Value = "Mouser"; VariantName = "[No Variations]"
Add component (AddParameter): Name = "Supplier Part Number 1"; Value = "595-INA241A2IDGKR"; VariantName = "[No Variations]"
Add component (AddParameter): Name = "Type"; Value = "Current Sense Amplifier"; VariantName = "[No Variations]"
Add component (AddParameter): Name = "Value"; Value = "Rail-to-Rail"; VariantName = "[No Variations]"
Added Component: Designator=IC?C(SOP65P490X110-8N)
Add component (AddParameter): Name = "Channels"; Value = "1"; VariantName = "[No Variations]"
Add component (AddParameter): Name = "CMRR"; Value = "89dB"; VariantName = "[No Variations]"
Add component (AddParameter): Name = "Component Type"; Value = "Current Sense Amplifier"; VariantName = "[No Variations]"
Add component (AddParameter): Name = "ComponentLink1Description"; Value = "Datasheet"; VariantName = "[No Variations]"
Add component (AddParameter): Name = "ComponentLink1URL"; Value = "https://www.ti.com/lit/ds/symlink/ina241b.pdf?ts=1718088817119&ref_url=https%253A%252F%252Fwww.mouser.de%252F"; VariantName = "[No Variations]"
Add component (AddParameter): Name = "Created from"; Value = "KPatel"; VariantName = "[No Variations]"
Add component (AddParameter): Name = "Created On"; Value = "6/28/2024 9:00:46 AM"; VariantName = "[No Variations]"
Add component (AddParameter): Name = "Device Package"; Value = "VSSOP-8"; VariantName = "[No Variations]"
Add component (AddParameter): Name = "GBP"; Value = "100MHz"; VariantName = "[No Variations]"
Add component (AddParameter): Name = "Last Updated"; Value = "6/28/2024 9:00:46 AM"; VariantName = "[No Variations]"
Add component (AddParameter): Name = "Live Cycle Status"; Value = "1"; VariantName = "[No Variations]"
Add component (AddParameter): Name = "Manufacturer"; Value = "Texas Instruments"; VariantName = "[No Variations]"
Add component (AddParameter): Name = "Manufacturer Part Number"; Value = "INA241A2IDGKR"; VariantName = "[No Variations]"
Add component (AddParameter): Name = "Mounting Type"; Value = "SMD"; VariantName = "[No Variations]"
Add component (AddParameter): Name = "Operating Temperature"; Value = "-40 - 125°C"; VariantName = "[No Variations]"
Add component (AddParameter): Name = "PartID"; Value = "30"; VariantName = "[No Variations]"
Add component (AddParameter): Name = "Series"; Value = "INA241A"; VariantName = "[No Variations]"
Add component (AddParameter): Name = "Stock number"; Value = "not stored"; VariantName = "[No Variations]"
Add component (AddParameter): Name = "Supplier 1"; Value = "Mouser"; VariantName = "[No Variations]"
Add component (AddParameter): Name = "Supplier Part Number 1"; Value = "595-INA241A2IDGKR"; VariantName = "[No Variations]"
Add component (AddParameter): Name = "Type"; Value = "Current Sense Amplifier"; VariantName = "[No Variations]"
Add component (AddParameter): Name = "Value"; Value = "Rail-to-Rail"; VariantName = "[No Variations]"
Added Pin To Net: NetName=PHASE_CONNECTOR_1 Pin=IC?A-1
Added Pin To Net: NetName=GND Pin=IC?A-2
Added Pin To Net: NetName=2V5_REF Pin=IC?A-3
Added Pin To Net: NetName=GND Pin=IC?A-4
Added Pin To Net: NetName=I_OUTA Pin=IC?A-5
Added Pin To Net: NetName=5V_U2A Pin=IC?A-6
Added Pin To Net: NetName=2V5_REF Pin=IC?A-7
Added Pin To Net: NetName=GND_TOPA Pin=IC?A-8
Added Pin To Net: NetName=PHASE_CONNECTOR_2 Pin=IC?B-1
Added Pin To Net: NetName=GND Pin=IC?B-2
Added Pin To Net: NetName=2V5_REF Pin=IC?B-3
Added Pin To Net: NetName=GND Pin=IC?B-4
Added Pin To Net: NetName=I_OUTB Pin=IC?B-5
Added Pin To Net: NetName=5V_U2B Pin=IC?B-6
Added Pin To Net: NetName=2V5_REF Pin=IC?B-7
Added Pin To Net: NetName=GND_TOPB Pin=IC?B-8
Added Pin To Net: NetName=PHASE_CONNECTOR_3 Pin=IC?C-1
Added Pin To Net: NetName=GND Pin=IC?C-2
Added Pin To Net: NetName=2V5_REF Pin=IC?C-3
Added Pin To Net: NetName=GND Pin=IC?C-4
Added Pin To Net: NetName=I_OUTC Pin=IC?C-5
Added Pin To Net: NetName=5V_U2C Pin=IC?C-6
Added Pin To Net: NetName=2V5_REF Pin=IC?C-7
Added Pin To Net: NetName=GND_TOPC Pin=IC?C-8
Added Member To Class: ClassName=PhaseMeasurements1 Member=Component IC?A (IC?) INA241A2IDGKR
Added Member To Class: ClassName=PhaseMeasurements2 Member=Component IC?B (IC?) INA241A2IDGKR
Added Member To Class: ClassName=PhaseMeasurements3 Member=Component IC?C (IC?) INA241A2IDGKR
