LTspice 24.0.12 for Windows
Circuit: * D:\Elsys\uz_d_inverter\LTSpice_Simulation\VoltMeas.asc
Start Time: Wed Dec 11 09:54:57 2024
solver = Alternate
Maximum thread count: 12
tnom = 27
temp = 27
method = Gear
Early termination of direct N-R iteration.
Direct Newton iteration failed to find .op point.  (Use ".option noopiter" to skip.)
Starting Gmin stepping
Gmin = 10
Gmin = 1.07374
Gmin = 0.115292
Gmin = 0.0123794
Gmin = 0.00132923
vernier = 0.5
vernier = 0.25
Gmin = 0.000348449
vernier = 0.125
vernier = 0.0625
Gmin = 0.000303489
vernier = 0.0833333
vernier = 0.111111
Gmin = 0.000240335
vernier = 0.148148
vernier = 0.197531
Gmin = 0.000166106
vernier = 0.263374
Gmin = 9.34307e-05
vernier = 0.351165
vernier = 0.46822
Gmin = 3.62174e-05
vernier = 0.624294
vernier = 0.832392
Gmin = 8.33012e-06
vernier = 1
Gmin = 1.02514e-06
Gmin = 1.10074e-07
Gmin = 1.18191e-08
Gmin = 1.26906e-09
Gmin = 1.36264e-10
Gmin = 1.46313e-11
Gmin = 1.57102e-12
Gmin = 1.68687e-13
Gmin = 0
Gmin stepping succeeded in finding the operating point.

Total elapsed time: 0.340 seconds.

